13:17:04 **** Incremental Build of configuration Debug for project SolarProject ****
make -j8 all 
arm-none-eabi-gcc "../Core/Src/main.c" -mcpu=cortex-m4 -std=gnu11 -g3 -DUSE_HAL_DRIVER -DSTM32F401xE -DDEBUG -c -I../Core/Inc -I../Drivers/STM32F4xx_HAL_Driver/Inc -I../Drivers/STM32F4xx_HAL_Driver/Inc/Legacy -I../Drivers/CMSIS/Device/ST/STM32F4xx/Include -I../Drivers/CMSIS/Include -O0 -ffunction-sections -fdata-sections -Wall -fstack-usage -MMD -MP -MF"Core/Src/main.d" -MT"Core/Src/main.o" --specs=nano.specs -mfpu=fpv4-sp-d16 -mfloat-abi=hard -mthumb -o "Core/Src/main.o"
../Core/Src/main.c: In function 'MX_RTC_Init':
../Core/Src/main.c:186:19: warning: variable 'sDate' set but not used [-Wunused-but-set-variable]
   RTC_DateTypeDef sDate = {0};
                   ^~~~~
../Core/Src/main.c:185:19: warning: variable 'sTime' set but not used [-Wunused-but-set-variable]
   RTC_TimeTypeDef sTime = {0};
                   ^~~~~
arm-none-eabi-g++ -o "SolarProject.elf" @"objects.list"   -mcpu=cortex-m4 -T"C:\Users\Duane Mathias\Documents\GitHub\SolarProject\stm\SolarProject\STM32F401RETX_FLASH.ld" --specs=nosys.specs -Wl,-Map="SolarProject.map" -Wl,--gc-sections -static --specs=nano.specs -mfpu=fpv4-sp-d16 -mfloat-abi=hard -mthumb -u _printf_float -Wl,--start-group -lc -lm -lstdc++ -lsupc++ -Wl,--end-group
Finished building target: SolarProject.elf
 
arm-none-eabi-objdump -h -S  SolarProject.elf  > "SolarProject.list"
arm-none-eabi-objcopy  -O binary  SolarProject.elf  "SolarProject.bin"
arm-none-eabi-size   SolarProject.elf 
   text	   data	    bss	    dec	    hex	filename
  46080	    596	   2048	  48724	   be54	SolarProject.elf
Finished building: default.size.stdout
 
Finished building: SolarProject.bin
 
Finished building: SolarProject.list
 

13:17:06 Build Finished. 0 errors, 2 warnings. (took 1s.524ms)

